stm32f1xx_hal_msp.c:66:6:HAL_MspInit	8	static
stm32f1xx_hal_msp.c:92:6:HAL_TIM_OC_MspInit	16	static
stm32f1xx_hal_msp.c:123:6:HAL_TIM_PWM_MspInit	16	static
stm32f1xx_hal_msp.c:148:6:HAL_TIM_Encoder_MspInit	40	static
stm32f1xx_hal_msp.c:179:6:HAL_TIM_MspPostInit	40	static
stm32f1xx_hal_msp.c:209:6:HAL_TIM_OC_MspDeInit	8	static
stm32f1xx_hal_msp.c:237:6:HAL_TIM_PWM_MspDeInit	0	static
stm32f1xx_hal_msp.c:262:6:HAL_TIM_Encoder_MspDeInit	8	static
stm32f1xx_hal_msp.c:293:6:HAL_UART_MspInit	40	static
stm32f1xx_hal_msp.c:335:6:HAL_UART_MspDeInit	8	static
